Compiling source
	nipunal/choreo_tutorial:0.1.0
HINT [main.bal:(41:5,41:5)] concurrent calls will not be made to this method since the method is not an 'isolated' method
HINT [main.bal:(56:5,56:5)] concurrent calls will not be made to this method since the method is not an 'isolated' method
HINT [main.bal:(76:5,76:5)] concurrent calls will not be made to this method since the method is not an 'isolated' method
HINT [main.bal:(99:5,99:5)] concurrent calls will not be made to this method since the method is not an 'isolated' method

Running executable

time=2025-07-07T14:23:51.562+05:30 level=INFO module=nipunal/choreo_tutorial message="Fetching product list"
time=2025-07-07T14:23:51.574+05:30 level=ERROR module=nipunal/choreo_tutorial message="Sample-Header header not found"
time=2025-07-07T14:23:51.611+05:30 level=INFO module=ballerinax/metrics.logs message="" logger="metrics" protocol="http" listener.name="http" http.status_code_group="2xx" src.position="main.bal:41:5" http.url="/shop/products" src.module="nipunal/choreo_tutorial:0.1.0" entrypoint.resource.accessor="get" src.resource.path="/products" src.service.resource="true" src.resource.accessor="get" entrypoint.function.module="nipunal/choreo_tutorial:0.1.0" src.object.name="Shopping Service" entrypoint.function.name="/products" entrypoint.service.name="Shopping Service" http.method="GET" response_time_seconds="0.054640541"
time=2025-07-07T14:24:00.048+05:30 level=INFO module=nipunal/choreo_tutorial message="Adding a new product"
time=2025-07-07T14:24:00.049+05:30 level=INFO module=nipunal/choreo_tutorial message="Product added successfully. {\"id\":4,\"name\":\"Laptop Charger\",\"price\":50.0}"
time=2025-07-07T14:24:00.053+05:30 level=INFO module=ballerinax/metrics.logs message="" logger="metrics" protocol="http" listener.name="http" http.status_code_group="2xx" src.resource.accessor="post" http.method="POST" http.url="/shop/product" entrypoint.resource.accessor="post" src.module="nipunal/choreo_tutorial:0.1.0" src.position="main.bal:56:5" src.service.resource="true" entrypoint.function.name="/product" entrypoint.function.module="nipunal/choreo_tutorial:0.1.0" src.resource.path="/product" src.object.name="Shopping Service" entrypoint.service.name="Shopping Service" response_time_seconds="0.005790417"
time=2025-07-07T14:24:02.368+05:30 level=INFO module=nipunal/choreo_tutorial message="Received order request"
time=2025-07-07T14:24:02.370+05:30 level=INFO module=nipunal/choreo_tutorial message="Order placed successfully. {\"orderId\":0,\"productId\":1,\"quantity\":1,\"totalPrice\":1200.0}"
time=2025-07-07T14:24:02.378+05:30 level=INFO module=ballerinax/metrics.logs message="" logger="metrics" protocol="http" src.resource.path="/\'order" listener.name="http" http.status_code_group="2xx" src.resource.accessor="post" entrypoint.function.name="/\'order" src.position="main.bal:76:5" http.method="POST" entrypoint.resource.accessor="post" src.module="nipunal/choreo_tutorial:0.1.0" src.service.resource="true" http.url="/shop/order" entrypoint.function.module="nipunal/choreo_tutorial:0.1.0" src.object.name="Shopping Service" entrypoint.service.name="Shopping Service" response_time_seconds="0.010507709"
time=2025-07-07T14:24:03.923+05:30 level=INFO module=nipunal/choreo_tutorial message="Fetching order details"
time=2025-07-07T14:24:03.925+05:30 level=INFO module=nipunal/choreo_tutorial message="Order details fetched successfully. {\"orderId\":0,\"productId\":1,\"quantity\":1,\"totalPrice\":1200.0}"
time=2025-07-07T14:24:03.930+05:30 level=INFO module=ballerinax/metrics.logs message="" logger="metrics" protocol="http" listener.name="http" http.status_code_group="2xx" src.position="main.bal:99:5" src.module="nipunal/choreo_tutorial:0.1.0" entrypoint.resource.accessor="get" http.url="/shop/order/{orderId}" src.resource.path="/\'order/^" src.service.resource="true" src.resource.accessor="get" entrypoint.function.module="nipunal/choreo_tutorial:0.1.0" src.object.name="Shopping Service" entrypoint.service.name="Shopping Service" entrypoint.function.name="/\'order/^" http.method="GET" response_time_seconds="0.007910125"
time=2025-07-07T14:24:05.587+05:30 level=INFO module=nipunal/choreo_tutorial message="Fetching product list"
time=2025-07-07T14:24:05.589+05:30 level=ERROR module=nipunal/choreo_tutorial message="Sample-Header header not found"
time=2025-07-07T14:24:05.599+05:30 level=INFO module=ballerinax/metrics.logs message="" logger="metrics" protocol="http" listener.name="http" http.status_code_group="2xx" src.position="main.bal:41:5" http.url="/shop/products" src.module="nipunal/choreo_tutorial:0.1.0" entrypoint.resource.accessor="get" src.resource.path="/products" src.service.resource="true" src.resource.accessor="get" entrypoint.function.module="nipunal/choreo_tutorial:0.1.0" src.object.name="Shopping Service" entrypoint.function.name="/products" entrypoint.service.name="Shopping Service" http.method="GET" response_time_seconds="0.0114145"
time=2025-07-07T14:24:05.898+05:30 level=INFO module=nipunal/choreo_tutorial message="Fetching product list"
time=2025-07-07T14:24:05.899+05:30 level=ERROR module=nipunal/choreo_tutorial message="Sample-Header header not found"
time=2025-07-07T14:24:05.907+05:30 level=INFO module=ballerinax/metrics.logs message="" logger="metrics" protocol="http" listener.name="http" http.status_code_group="2xx" src.position="main.bal:41:5" http.url="/shop/products" src.module="nipunal/choreo_tutorial:0.1.0" entrypoint.resource.accessor="get" src.resource.path="/products" src.service.resource="true" src.resource.accessor="get" entrypoint.function.module="nipunal/choreo_tutorial:0.1.0" src.object.name="Shopping Service" entrypoint.function.name="/products" entrypoint.service.name="Shopping Service" http.method="GET" response_time_seconds="0.008375833"
